------------------------------------------------------------
Timing Analyzer Summary
------------------------------------------------------------

Type  : Slow 1100mV 85C Model Setup 'clk'
Slack : -6.130
TNS   : -11.858

Type  : Slow 1100mV 85C Model Setup 'clk_uart'
Slack : -4.649
TNS   : -187.560

Type  : Slow 1100mV 85C Model Hold 'clk_uart'
Slack : 0.319
TNS   : 0.000

Type  : Slow 1100mV 85C Model Hold 'clk'
Slack : 0.676
TNS   : 0.000

Type  : Slow 1100mV 85C Model Minimum Pulse Width 'clk_uart'
Slack : -0.394
TNS   : -48.092

Type  : Slow 1100mV 85C Model Minimum Pulse Width 'clk'
Slack : -0.394
TNS   : -1.123

Type  : Slow 1100mV 0C Model Setup 'clk'
Slack : -5.905
TNS   : -11.420

Type  : Slow 1100mV 0C Model Setup 'clk_uart'
Slack : -4.475
TNS   : -182.252

Type  : Slow 1100mV 0C Model Hold 'clk_uart'
Slack : 0.304
TNS   : 0.000

Type  : Slow 1100mV 0C Model Hold 'clk'
Slack : 0.601
TNS   : 0.000

Type  : Slow 1100mV 0C Model Minimum Pulse Width 'clk_uart'
Slack : -0.394
TNS   : -50.866

Type  : Slow 1100mV 0C Model Minimum Pulse Width 'clk'
Slack : -0.394
TNS   : -1.025

Type  : Fast 1100mV 85C Model Setup 'clk'
Slack : -4.026
TNS   : -7.912

Type  : Fast 1100mV 85C Model Setup 'clk_uart'
Slack : -2.747
TNS   : -65.311

Type  : Fast 1100mV 85C Model Hold 'clk_uart'
Slack : 0.182
TNS   : 0.000

Type  : Fast 1100mV 85C Model Hold 'clk'
Slack : 0.749
TNS   : 0.000

Type  : Fast 1100mV 85C Model Minimum Pulse Width 'clk'
Slack : -0.218
TNS   : -0.434

Type  : Fast 1100mV 85C Model Minimum Pulse Width 'clk_uart'
Slack : -0.093
TNS   : -7.992

Type  : Fast 1100mV 0C Model Setup 'clk'
Slack : -3.394
TNS   : -6.651

Type  : Fast 1100mV 0C Model Setup 'clk_uart'
Slack : -2.334
TNS   : -53.870

Type  : Fast 1100mV 0C Model Hold 'clk_uart'
Slack : 0.166
TNS   : 0.000

Type  : Fast 1100mV 0C Model Hold 'clk'
Slack : 0.448
TNS   : 0.000

Type  : Fast 1100mV 0C Model Minimum Pulse Width 'clk'
Slack : -0.220
TNS   : -0.447

Type  : Fast 1100mV 0C Model Minimum Pulse Width 'clk_uart'
Slack : -0.089
TNS   : -7.832

------------------------------------------------------------
